# serializer version: 1
# name: test_all_entities[sensor.current_account_balance-entry]
  RegistryEntry(entity_id='sensor.current_account_balance', unique_id='acc_curr_balance', platform='monzo', previous_unique_id=None, aliases=set(), area_id=None, categories={}, capabilities=None, config_entry_id='01JERN7T29F2MTKXDFZC5H8W5F', created_at=datetime.datetime(2024, 12, 10, 16, 8, 6, 512829, tzinfo=datetime.timezone.utc), device_class=None, device_id='5d1bd3f213ede4ee928a7d99bb6eee2d', disabled_by=None, entity_category=None, hidden_by=None, icon=None, id='b9cb2297351172bdd9d74e694274f2cc', has_entity_name=True, labels=set(), modified_at=datetime.datetime(2024, 12, 10, 16, 8, 6, 513098, tzinfo=datetime.timezone.utc), name=None, options={'sensor': {'suggested_display_precision': 2}}, original_device_class=<SensorDeviceClass.MONETARY: 'monetary'>, original_icon=None, original_name='Balance', supported_features=0, translation_key='balance', unit_of_measurement='GBP', _cache={})
# ---
# name: test_all_entities[sensor.current_account_balance-state]
  <state sensor.current_account_balance=1.23; unit_of_measurement=GBP, attribution=Data provided by Monzo, device_class=monetary, friendly_name=Current Account Balance @ 2024-12-10T08:08:06.514205-08:00>
# ---
# name: test_all_entities[sensor.current_account_total_balance-entry]
  RegistryEntry(entity_id='sensor.current_account_total_balance', unique_id='acc_curr_total_balance', platform='monzo', previous_unique_id=None, aliases=set(), area_id=None, categories={}, capabilities=None, config_entry_id='01JERN7T29F2MTKXDFZC5H8W5F', created_at=datetime.datetime(2024, 12, 10, 16, 8, 6, 515718, tzinfo=datetime.timezone.utc), device_class=None, device_id='5d1bd3f213ede4ee928a7d99bb6eee2d', disabled_by=None, entity_category=None, hidden_by=None, icon=None, id='33870bb883afc6235a1dfe06d6c7ac75', has_entity_name=True, labels=set(), modified_at=datetime.datetime(2024, 12, 10, 16, 8, 6, 515895, tzinfo=datetime.timezone.utc), name=None, options={'sensor': {'suggested_display_precision': 2}}, original_device_class=<SensorDeviceClass.MONETARY: 'monetary'>, original_icon=None, original_name='Total balance', supported_features=0, translation_key='total_balance', unit_of_measurement='GBP', _cache={})
# ---
# name: test_all_entities[sensor.current_account_total_balance-state]
  <state sensor.current_account_total_balance=3.21; unit_of_measurement=GBP, attribution=Data provided by Monzo, device_class=monetary, friendly_name=Current Account Total balance @ 2024-12-10T08:08:06.516888-08:00>
# ---
# name: test_all_entities[sensor.flex_balance-entry]
  RegistryEntry(entity_id='sensor.flex_balance', unique_id='acc_flex_balance', platform='monzo', previous_unique_id=None, aliases=set(), area_id=None, categories={}, capabilities=None, config_entry_id='01JERN7T29F2MTKXDFZC5H8W5F', created_at=datetime.datetime(2024, 12, 10, 16, 8, 6, 514460, tzinfo=datetime.timezone.utc), device_class=None, device_id='e9296a95816fa5d992c51bd900dde665', disabled_by=None, entity_category=None, hidden_by=None, icon=None, id='9717ed689b6184a9e23319d91231b1c4', has_entity_name=True, labels=set(), modified_at=datetime.datetime(2024, 12, 10, 16, 8, 6, 514604, tzinfo=datetime.timezone.utc), name=None, options={'sensor': {'suggested_display_precision': 2}}, original_device_class=<SensorDeviceClass.MONETARY: 'monetary'>, original_icon=None, original_name='Balance', supported_features=0, translation_key='balance', unit_of_measurement='GBP', _cache={})
# ---
# name: test_all_entities[sensor.flex_balance-state]
  <state sensor.flex_balance=1.23; unit_of_measurement=GBP, attribution=Data provided by Monzo, device_class=monetary, friendly_name=Flex Balance @ 2024-12-10T08:08:06.515588-08:00>
# ---
# name: test_all_entities[sensor.flex_total_balance-entry]
  RegistryEntry(entity_id='sensor.flex_total_balance', unique_id='acc_flex_total_balance', platform='monzo', previous_unique_id=None, aliases=set(), area_id=None, categories={}, capabilities=None, config_entry_id='01JERN7T29F2MTKXDFZC5H8W5F', created_at=datetime.datetime(2024, 12, 10, 16, 8, 6, 517012, tzinfo=datetime.timezone.utc), device_class=None, device_id='e9296a95816fa5d992c51bd900dde665', disabled_by=None, entity_category=None, hidden_by=None, icon=None, id='ea2b71bc8424aacfb13ebf093acd73a5', has_entity_name=True, labels=set(), modified_at=datetime.datetime(2024, 12, 10, 16, 8, 6, 517153, tzinfo=datetime.timezone.utc), name=None, options={'sensor': {'suggested_display_precision': 2}}, original_device_class=<SensorDeviceClass.MONETARY: 'monetary'>, original_icon=None, original_name='Total balance', supported_features=0, translation_key='total_balance', unit_of_measurement='GBP', _cache={})
# ---
# name: test_all_entities[sensor.flex_total_balance-state]
  <state sensor.flex_total_balance=3.21; unit_of_measurement=GBP, attribution=Data provided by Monzo, device_class=monetary, friendly_name=Flex Total balance @ 2024-12-10T08:08:06.518117-08:00>
# ---
# name: test_all_entities[sensor.savings_balance-entry]
  RegistryEntry(entity_id='sensor.savings_balance', unique_id='pot_savings_pot_balance', platform='monzo', previous_unique_id=None, aliases=set(), area_id=None, categories={}, capabilities=None, config_entry_id='01JERN7T29F2MTKXDFZC5H8W5F', created_at=datetime.datetime(2024, 12, 10, 16, 8, 6, 518281, tzinfo=datetime.timezone.utc), device_class=None, device_id='0837fb6d9b2bbbb53738a9af8c63cdab', disabled_by=None, entity_category=None, hidden_by=None, icon=None, id='d35f70ce1a1f4802bcdd9d513bdea8d8', has_entity_name=True, labels=set(), modified_at=datetime.datetime(2024, 12, 10, 16, 8, 6, 518421, tzinfo=datetime.timezone.utc), name=None, options={'sensor': {'suggested_display_precision': 2}}, original_device_class=<SensorDeviceClass.MONETARY: 'monetary'>, original_icon=None, original_name='Balance', supported_features=0, translation_key='pot_balance', unit_of_measurement='GBP', _cache={})
# ---
# name: test_all_entities[sensor.savings_balance-state]
  <state sensor.savings_balance=1345.78; unit_of_measurement=GBP, attribution=Data provided by Monzo, device_class=monetary, friendly_name=Savings Balance @ 2024-12-10T08:08:06.519400-08:00>
# ---
# name: test_all_entities[sensor.transport_balance-entry]
  RegistryEntry(entity_id='sensor.transport_balance', unique_id='pot_transport_pot_balance', platform='monzo', previous_unique_id=None, aliases=set(), area_id=None, categories={}, capabilities=None, config_entry_id='01JERN7T29F2MTKXDFZC5H8W5F', created_at=datetime.datetime(2024, 12, 10, 16, 8, 6, 519561, tzinfo=datetime.timezone.utc), device_class=None, device_id='f9194d7c765dedfe48b0f78eabe43566', disabled_by=None, entity_category=None, hidden_by=None, icon=None, id='3d09aca3975945542ece10884175ea8a', has_entity_name=True, labels=set(), modified_at=datetime.datetime(2024, 12, 10, 16, 8, 6, 519699, tzinfo=datetime.timezone.utc), name=None, options={'sensor': {'suggested_display_precision': 2}}, original_device_class=<SensorDeviceClass.MONETARY: 'monetary'>, original_icon=None, original_name='Balance', supported_features=0, translation_key='pot_balance', unit_of_measurement='GBP', _cache={})
# ---
# name: test_all_entities[sensor.transport_balance-state]
  <state sensor.transport_balance=1.23; unit_of_measurement=GBP, attribution=Data provided by Monzo, device_class=monetary, friendly_name=Transport Balance @ 2024-12-10T08:08:06.520768-08:00>
# ---
